// Jest Snapshot v1, https://goo.gl/fbAQLP

exports[`Genre should match snapShot 1`] = `
<h1>
  Hi Sally!
</h1>
`;
