// Jest Snapshot v1, https://goo.gl/fbAQLP

exports[`Header should match snapshot 1`] = `
<div
  className="header-container"
>
  <h1
    className="header-title"
  >
    enpsychlopedia
  </h1>
</div>
`;
