// Jest Snapshot v1, https://goo.gl/fbAQLP

exports[`App should match snapshot 1`] = `
<div
  className="app"
>
  <Header />
</div>
`;

exports[`App should render to the DOM 1`] = `
<div
  className="app"
>
  <Header />
</div>
`;
